Model example.collections
├── Imports
│   └── common.tdl as common  (example.common)  source.tdl:3:1
├── Decls
│   ├── [0] primitive string  std.tdl:4:1
│   ├── [1] primitive int  std.tdl:6:1
│   ├── [2] primitive bool  std.tdl:7:1
│   ├── [3] primitive bytes  std.tdl:8:1
│   ├── [4] primitive List: type -> type  std.tdl:11:1
│   ├── [5] primitive Set: type -> type  std.tdl:14:1
│   ├── [6] primitive Map: type -> type -> type  std.tdl:17:1
│   ├── [7] primitive decimal  std.tdl:20:1
│   ├── [8] primitive uuid  std.tdl:22:1
│   ├── [9] primitive instant  std.tdl:23:1
│   ├── [10] primitive date  std.tdl:24:1
│   ├── [11] primitive duration  std.tdl:25:1
│   ├── [12] unit s  std.tdl:28:1
│   │   └── measures units[0] s
│   ├── [13] unit m  std.tdl:30:1
│   │   └── measures units[1] m
│   ├── [14] unit kg  std.tdl:31:1
│   │   └── measures units[2] kg
│   ├── [15] enum Option  std.tdl:34:1
│   │   ├── param T  std.tdl:34:14
│   │   ├── variant Some  std.tdl:35:3
│   │   │   └── field value: types[0] T  std.tdl:35:10
│   │   └── variant None  std.tdl:36:3
│   ├── [16] enum Nullable  std.tdl:40:1
│   │   ├── param T  std.tdl:40:16
│   │   ├── variant Present  std.tdl:41:3
│   │   │   └── field value: types[1] T  std.tdl:41:13
│   │   └── variant Null  std.tdl:42:3
│   ├── [17] class Entity  std.tdl:46:1
│   │   └── requires key
│   ├── [18] class Value  std.tdl:51:1
│   ├── [19] alias BySku  source.tdl:5:1
│   │   └── target types[4] Map<string, LineItem>
│   ├── [20] alias TagIndex  source.tdl:6:1
│   │   └── target types[6] Map<string, List<string>>
│   ├── [21] alias Matrix  source.tdl:7:1
│   │   └── target types[9] List<List<int>>
│   ├── [22] alias Regions  source.tdl:8:1
│   │   └── target types[11] List<Map<string, string>>
│   ├── [23] alias SeenSkus  source.tdl:9:1
│   │   └── target types[12] Set<string>
│   ├── [24] alias ExplicitList  source.tdl:10:1
│   │   └── target types[13] List<LineItem>
│   ├── [25] alias ExplicitSet  source.tdl:11:1
│   │   └── target types[14] Set<LineItem>
│   ├── [26] alias ExplicitMap  source.tdl:12:1
│   │   └── target types[15] Map<string, string>
│   ├── [27] alias Optional  source.tdl:13:1
│   │   └── target types[16] Option<LineItem>
│   ├── [28] alias OrNull  source.tdl:14:1
│   │   └── target types[17] Nullable<LineItem>
│   ├── [29] alias Both  source.tdl:15:1
│   │   └── target types[18] Nullable<Option<LineItem>>
│   ├── [30] alias NestedOptional  source.tdl:16:1
│   │   └── target types[19] List<Option<LineItem>>
│   ├── [31] alias QualifiedArg  source.tdl:17:1
│   │   └── target types[21] Map<string, example.common.Address>
│   └── [32] value LineItem  source.tdl:19:1
│       ├── field sku: types[2] string  source.tdl:20:3
│       └── field quantity: types[7] int  source.tdl:21:3
├── Satisfies
│   ├── Entity: nothing
│   └── Value: nothing
├── Units
│   ├── [0] s  std.tdl:28:1
│   ├── [1] m  std.tdl:30:1
│   └── [2] kg  std.tdl:31:1
├── Types
│   ├── [0] T  named  -> param Option.T  std.tdl:35:17
│   ├── [1] T  named  -> param Nullable.T  std.tdl:41:20
│   ├── [2] string  named  -> decls[0]  source.tdl:5:16
│   ├── [3] LineItem  named  -> decls[32]  source.tdl:5:26
│   ├── [4] Map<string, LineItem>  {K -> V}  -> decls[6]  source.tdl:5:15
│   ├── [5] List<string>  [T]  -> decls[4]  source.tdl:6:29
│   ├── [6] Map<string, List<string>>  {K -> V}  -> decls[6]  source.tdl:6:18
│   ├── [7] int  named  -> decls[1]  source.tdl:7:18
│   ├── [8] List<int>  [T]  -> decls[4]  source.tdl:7:17
│   ├── [9] List<List<int>>  [T]  -> decls[4]  source.tdl:7:16
│   ├── [10] Map<string, string>  {K -> V}  -> decls[6]  source.tdl:8:18
│   ├── [11] List<Map<string, string>>  [T]  -> decls[4]  source.tdl:8:17
│   ├── [12] Set<string>  {T}  -> decls[5]  source.tdl:9:18
│   ├── [13] List<LineItem>  named  -> decls[4]  source.tdl:10:22
│   ├── [14] Set<LineItem>  named  -> decls[5]  source.tdl:11:21
│   ├── [15] Map<string, string>  named  -> decls[6]  source.tdl:12:21
│   ├── [16] Option<LineItem>  T?  -> decls[15]  source.tdl:13:18
│   ├── [17] Nullable<LineItem>  T | null  -> decls[16]  source.tdl:14:16
│   ├── [18] Nullable<Option<LineItem>>  T | null  -> decls[16]  source.tdl:15:14
│   ├── [19] List<Option<LineItem>>  [T]  -> decls[4]  source.tdl:16:24
│   ├── [20] example.common.Address  named  -> externs[0]  source.tdl:17:34
│   └── [21] Map<string, example.common.Address>  named  -> decls[6]  source.tdl:17:22
└── Externs
    └── example.common.Address  source.tdl:17:34
