Model example.classes
├── Decls
│   ├── [0] unlowered Timestamped  source.tdl:3:1
│   ├── [1] unlowered Auditable  source.tdl:7:1
│   ├── [2] unlowered Tenanted  source.tdl:11:1
│   ├── [3] unlowered Paged  source.tdl:16:1
│   ├── [4] unlowered Container  source.tdl:21:1
│   ├── [5] unlowered Projection  source.tdl:22:1
│   ├── [6] value Page  source.tdl:24:1
│   │   ├── param f  source.tdl:24:13
│   │   ├── param T  source.tdl:24:16
│   │   └── field items: types[1] f<T>  source.tdl:25:3
│   └── [7] value Envelope  source.tdl:28:1
│       ├── param T  source.tdl:28:17
│       ├── field body: types[2] T  source.tdl:29:3
│       └── field receivedAt: types[3] instant  source.tdl:30:3
└── Types
    ├── [0] T  named  -> param Page.T  source.tdl:25:12
    ├── [1] f<T>  named  -> param Page.f  source.tdl:25:10
    ├── [2] T  named  -> param Envelope.T  source.tdl:29:9
    └── [3] instant  named  -> unresolved  source.tdl:30:15
