Model example.aliases
├── Imports
│   └── common.tdl as common  (example.common)  source.tdl:3:1
├── Decls
│   ├── [0] primitive string  std.tdl:4:1
│   ├── [1] primitive int  std.tdl:6:1
│   ├── [2] primitive bool  std.tdl:7:1
│   ├── [3] primitive bytes  std.tdl:8:1
│   ├── [4] primitive List: type -> type  std.tdl:11:1
│   ├── [5] primitive Set: type -> type  std.tdl:14:1
│   ├── [6] primitive Map: type -> type -> type  std.tdl:17:1
│   ├── [7] primitive decimal  std.tdl:20:1
│   ├── [8] primitive uuid  std.tdl:22:1
│   ├── [9] primitive instant  std.tdl:23:1
│   ├── [10] primitive date  std.tdl:24:1
│   ├── [11] primitive duration  std.tdl:25:1
│   ├── [12] unlowered s  std.tdl:28:1
│   ├── [13] unlowered m  std.tdl:30:1
│   ├── [14] unlowered kg  std.tdl:31:1
│   ├── [15] enum Option  std.tdl:34:1
│   │   ├── param T  std.tdl:34:14
│   │   ├── variant Some  std.tdl:35:3
│   │   │   └── field value: types[0] T  std.tdl:35:10
│   │   └── variant None  std.tdl:36:3
│   ├── [16] enum Nullable  std.tdl:40:1
│   │   ├── param T  std.tdl:40:16
│   │   ├── variant Present  std.tdl:41:3
│   │   │   └── field value: types[1] T  std.tdl:41:13
│   │   └── variant Null  std.tdl:42:3
│   ├── [17] class Entity  std.tdl:46:1
│   │   └── requires key
│   ├── [18] class Value  std.tdl:51:1
│   ├── [19] alias Handler  source.tdl:6:1
│   │   └── target types[5] Map<string, List<Event>>
│   ├── [20] alias Pair  source.tdl:8:1
│   │   ├── param T  source.tdl:8:13
│   │   └── target types[7] Map<string, T>
│   ├── [21] alias Maybe  source.tdl:9:1
│   │   ├── param T  source.tdl:9:14
│   │   └── target types[9] Option<T>
│   ├── [22] alias Nullable2  source.tdl:10:1
│   │   ├── param T  source.tdl:10:18
│   │   └── target types[11] Nullable<T>
│   ├── [23] alias Both  source.tdl:11:1
│   │   ├── param T  source.tdl:11:13
│   │   └── target types[14] Nullable<Option<T>>
│   ├── [24] alias Qualified  source.tdl:12:1
│   │   └── target types[15] example.common.Address
│   └── [25] value Event  source.tdl:14:1
│       └── field name: types[2] string  source.tdl:15:3
├── Satisfies
│   ├── Entity: 
│   └── Value: 
├── Types
│   ├── [0] T  named  -> param Option.T  std.tdl:35:17
│   ├── [1] T  named  -> param Nullable.T  std.tdl:41:20
│   ├── [2] string  named  -> decls[0]  source.tdl:6:18
│   ├── [3] Event  named  -> decls[25]  source.tdl:6:29
│   ├── [4] List<Event>  [T]  -> decls[4]  source.tdl:6:28
│   ├── [5] Map<string, List<Event>>  {K -> V}  -> decls[6]  source.tdl:6:17
│   ├── [6] T  named  -> param Pair.T  source.tdl:8:29
│   ├── [7] Map<string, T>  named  -> decls[6]  source.tdl:8:17
│   ├── [8] T  named  -> param Maybe.T  source.tdl:9:18
│   ├── [9] Option<T>  T?  -> decls[15]  source.tdl:9:18
│   ├── [10] T  named  -> param Nullable2.T  source.tdl:10:22
│   ├── [11] Nullable<T>  T | null  -> decls[16]  source.tdl:10:22
│   ├── [12] T  named  -> param Both.T  source.tdl:11:17
│   ├── [13] Option<T>  T?  -> decls[15]  source.tdl:11:17
│   ├── [14] Nullable<Option<T>>  T | null  -> decls[16]  source.tdl:11:17
│   └── [15] example.common.Address  named  -> externs[0]  source.tdl:12:19
└── Externs
    └── example.common.Address  source.tdl:12:19
