Model example.instances
├── Imports
│   └── shipping.tdl as shipping  (shop.shipping)  source.tdl:3:1
├── Decls
│   ├── [0] primitive string  std.tdl:4:1
│   ├── [1] primitive int  std.tdl:6:1
│   ├── [2] primitive bool  std.tdl:7:1
│   ├── [3] primitive bytes  std.tdl:8:1
│   ├── [4] primitive int32  std.tdl:11:1
│   ├── [5] primitive uint32  std.tdl:14:1
│   ├── [6] primitive int64  std.tdl:17:1
│   ├── [7] primitive uint64  std.tdl:20:1
│   ├── [8] primitive float32  std.tdl:23:1
│   ├── [9] primitive float64  std.tdl:26:1
│   ├── [10] primitive List: type -> type  std.tdl:29:1
│   ├── [11] primitive Set: type -> type  std.tdl:32:1
│   ├── [12] primitive Map: type -> type -> type  std.tdl:35:1
│   ├── [13] primitive decimal  std.tdl:38:1
│   ├── [14] primitive uuid  std.tdl:40:1
│   ├── [15] primitive instant  std.tdl:41:1
│   ├── [16] primitive date  std.tdl:42:1
│   ├── [17] primitive duration  std.tdl:43:1
│   ├── [18] unit s  std.tdl:46:1
│   │   └── measures units[0] s
│   ├── [19] unit m  std.tdl:48:1
│   │   └── measures units[1] m
│   ├── [20] unit kg  std.tdl:49:1
│   │   └── measures units[2] kg
│   ├── [21] enum Option  std.tdl:52:1
│   │   ├── param T  std.tdl:52:13
│   │   ├── variant Some  std.tdl:53:3
│   │   │   └── field value: types[0] T  std.tdl:53:10
│   │   └── variant None  std.tdl:54:3
│   ├── [22] enum Nullable  std.tdl:58:1
│   │   ├── param T  std.tdl:58:15
│   │   ├── variant Present  std.tdl:59:3
│   │   │   └── field value: types[1] T  std.tdl:59:13
│   │   └── variant Null  std.tdl:60:3
│   ├── [23] class Entity  std.tdl:64:1
│   ├── [24] class Auditable  source.tdl:5:1
│   │   └── field createdAt: types[2] instant  source.tdl:6:3
│   ├── [25] class Paged  source.tdl:9:1
│   │   ├── type Cursor  source.tdl:10:3
│   │   └── field pageSize: types[3] int  source.tdl:11:3
│   ├── [26] class Archived  source.tdl:15:1
│   ├── [27] value OrderList  source.tdl:26:1
│   │   └── field pageSize: types[3] int  source.tdl:27:3
│   ├── [28] value OrderCursor  source.tdl:30:1
│   │   └── field token: types[9] string  source.tdl:31:3
│   ├── [29] value Page  source.tdl:34:1
│   │   ├── param T  source.tdl:34:11
│   │   └── field items: types[11] List<T>  source.tdl:35:3
│   ├── [30] value Audited  source.tdl:38:1
│   │   ├── conforms Auditable  source.tdl:38:15
│   │   ├── conforms Archived  source.tdl:38:26
│   │   └── field createdAt: types[2] instant  source.tdl:39:3
│   ├── [31] value Plain  source.tdl:42:1
│   │   └── field x: types[9] string  source.tdl:43:3
│   └── [32] value Uses  source.tdl:46:1
│       ├── field applies: types[13] Page<Audited>  source.tdl:47:3
│       └── field doesNot: types[15] Page<Plain>  source.tdl:48:3
├── Instances
│   ├── instance Auditable<shop.shipping.Address>  source.tdl:17:1
│   ├── instance Auditable<shop.shipping.Address>  source.tdl:18:1
│   ├── instance Paged<OrderList>  source.tdl:20:1
│   │   └── type Cursor = types[6] OrderCursor  source.tdl:21:3
│   └── instance <T> Archived<Page<T>> requires Archived<T>  source.tdl:24:1
├── Satisfies
│   ├── Entity: nothing
│   ├── Auditable: Audited
│   ├── Paged: OrderList
│   └── Archived: Audited, Page<Audited>
├── Units
│   ├── [0] s  std.tdl:46:1
│   ├── [1] m  std.tdl:48:1
│   └── [2] kg  std.tdl:49:1
├── Types
│   ├── [0] T  named  -> param Option.T  std.tdl:53:17
│   ├── [1] T  named  -> param Nullable.T  std.tdl:59:20
│   ├── [2] instant  named  -> decls[15]  source.tdl:6:14
│   ├── [3] int  named  -> decls[1]  source.tdl:11:13
│   ├── [4] shop.shipping.Address  named  -> externs[0]  source.tdl:17:20
│   ├── [5] OrderList  named  -> decls[27]  source.tdl:20:20
│   ├── [6] OrderCursor  named  -> decls[28]  source.tdl:21:17
│   ├── [7] T  named  -> param .T  source.tdl:24:28
│   ├── [8] Page<T>  named  -> decls[29]  source.tdl:24:23
│   ├── [9] string  named  -> decls[0]  source.tdl:31:10
│   ├── [10] T  named  -> param Page.T  source.tdl:35:11
│   ├── [11] List<T>  [T]  -> decls[10]  source.tdl:35:10
│   ├── [12] Audited  named  -> decls[30]  source.tdl:47:17
│   ├── [13] Page<Audited>  named  -> decls[29]  source.tdl:47:12
│   ├── [14] Plain  named  -> decls[31]  source.tdl:48:17
│   └── [15] Page<Plain>  named  -> decls[29]  source.tdl:48:12
└── Externs
    └── shop.shipping.Address  source.tdl:17:20
